.text
	bestisa.andn3 ra, sp, gp, tp                    # encoding: [0x0b,0x01,0x31,0x20]
	bestisa.andn3 a0, a1, a2, a3                    # encoding: [0x0b,0x85,0xc5,0x68]
	bestisa.andn3 zero, t0, t1, t2                  # encoding: [0x0b,0x80,0x62,0x38]
	bestisa.andn3 a0, s0, s1, s2                    # encoding: [0x0b,0x05,0x94,0x90]
